Loaded 8699 structures (max atoms per structure: 51)
Train/test split: 6959/1740
Species count: 63
/home/luis-menezes/miniconda3/envs/env_3.12/lib/python3.12/site-packages/dscribe/core/system.py:96: FutureWarning: Please use atoms.calc
  calculator=atoms.get_calculator(),
/home/luis-menezes/miniconda3/envs/env_3.12/lib/python3.12/site-packages/dscribe/core/system.py:96: FutureWarning: Please use atoms.calc
  calculator=atoms.get_calculator(),
/home/luis-menezes/miniconda3/envs/env_3.12/lib/python3.12/site-packages/dscribe/core/system.py:96: FutureWarning: Please use atoms.calc
  calculator=atoms.get_calculator(),
/home/luis-menezes/miniconda3/envs/env_3.12/lib/python3.12/site-packages/dscribe/core/system.py:96: FutureWarning: Please use atoms.calc
  calculator=atoms.get_calculator(),
/home/luis-menezes/miniconda3/envs/env_3.12/lib/python3.12/site-packages/dscribe/core/system.py:96: FutureWarning: Please use atoms.calc
  calculator=atoms.get_calculator(),
/home/luis-menezes/miniconda3/envs/env_3.12/lib/python3.12/site-packages/dscribe/core/system.py:96: FutureWarning: Please use atoms.calc
  calculator=atoms.get_calculator(),
/home/luis-menezes/miniconda3/envs/env_3.12/lib/python3.12/site-packages/dscribe/core/system.py:96: FutureWarning: Please use atoms.calc
  calculator=atoms.get_calculator(),
/home/luis-menezes/miniconda3/envs/env_3.12/lib/python3.12/site-packages/dscribe/core/system.py:96: FutureWarning: Please use atoms.calc
  calculator=atoms.get_calculator(),
/home/luis-menezes/miniconda3/envs/env_3.12/lib/python3.12/site-packages/dscribe/core/system.py:96: FutureWarning: Please use atoms.calc
  calculator=atoms.get_calculator(),
/home/luis-menezes/miniconda3/envs/env_3.12/lib/python3.12/site-packages/dscribe/core/system.py:96: FutureWarning: Please use atoms.calc
  calculator=atoms.get_calculator(),
/home/luis-menezes/miniconda3/envs/env_3.12/lib/python3.12/site-packages/dscribe/core/system.py:96: FutureWarning: Please use atoms.calc
  calculator=atoms.get_calculator(),
/home/luis-menezes/miniconda3/envs/env_3.12/lib/python3.12/site-packages/dscribe/core/system.py:96: FutureWarning: Please use atoms.calc
  calculator=atoms.get_calculator(),
/home/luis-menezes/miniconda3/envs/env_3.12/lib/python3.12/site-packages/dscribe/core/system.py:96: FutureWarning: Please use atoms.calc
  calculator=atoms.get_calculator(),
/home/luis-menezes/miniconda3/envs/env_3.12/lib/python3.12/site-packages/dscribe/core/system.py:96: FutureWarning: Please use atoms.calc
  calculator=atoms.get_calculator(),
/home/luis-menezes/miniconda3/envs/env_3.12/lib/python3.12/site-packages/dscribe/core/system.py:96: FutureWarning: Please use atoms.calc
  calculator=atoms.get_calculator(),
/home/luis-menezes/miniconda3/envs/env_3.12/lib/python3.12/site-packages/dscribe/core/system.py:96: FutureWarning: Please use atoms.calc
  calculator=atoms.get_calculator(),
grid_sigma=0.0010 resolution=128 weight_rcut=5.0000 | RMSE=0.9359 MAE=0.6073 R2=0.5002
/home/luis-menezes/miniconda3/envs/env_3.12/lib/python3.12/site-packages/dscribe/core/system.py:96: FutureWarning: Please use atoms.calc
  calculator=atoms.get_calculator(),
/home/luis-menezes/miniconda3/envs/env_3.12/lib/python3.12/site-packages/dscribe/core/system.py:96: FutureWarning: Please use atoms.calc
  calculator=atoms.get_calculator(),
/home/luis-menezes/miniconda3/envs/env_3.12/lib/python3.12/site-packages/dscribe/core/system.py:96: FutureWarning: Please use atoms.calc
  calculator=atoms.get_calculator(),
/home/luis-menezes/miniconda3/envs/env_3.12/lib/python3.12/site-packages/dscribe/core/system.py:96: FutureWarning: Please use atoms.calc
  calculator=atoms.get_calculator(),
/home/luis-menezes/miniconda3/envs/env_3.12/lib/python3.12/site-packages/dscribe/core/system.py:96: FutureWarning: Please use atoms.calc
  calculator=atoms.get_calculator(),
/home/luis-menezes/miniconda3/envs/env_3.12/lib/python3.12/site-packages/dscribe/core/system.py:96: FutureWarning: Please use atoms.calc
  calculator=atoms.get_calculator(),
/home/luis-menezes/miniconda3/envs/env_3.12/lib/python3.12/site-packages/dscribe/core/system.py:96: FutureWarning: Please use atoms.calc
  calculator=atoms.get_calculator(),
/home/luis-menezes/miniconda3/envs/env_3.12/lib/python3.12/site-packages/dscribe/core/system.py:96: FutureWarning: Please use atoms.calc
  calculator=atoms.get_calculator(),
/home/luis-menezes/miniconda3/envs/env_3.12/lib/python3.12/site-packages/dscribe/core/system.py:96: FutureWarning: Please use atoms.calc
  calculator=atoms.get_calculator(),
/home/luis-menezes/miniconda3/envs/env_3.12/lib/python3.12/site-packages/dscribe/core/system.py:96: FutureWarning: Please use atoms.calc
  calculator=atoms.get_calculator(),
/home/luis-menezes/miniconda3/envs/env_3.12/lib/python3.12/site-packages/dscribe/core/system.py:96: FutureWarning: Please use atoms.calc
  calculator=atoms.get_calculator(),
/home/luis-menezes/miniconda3/envs/env_3.12/lib/python3.12/site-packages/dscribe/core/system.py:96: FutureWarning: Please use atoms.calc
  calculator=atoms.get_calculator(),
/home/luis-menezes/miniconda3/envs/env_3.12/lib/python3.12/site-packages/dscribe/core/system.py:96: FutureWarning: Please use atoms.calc
  calculator=atoms.get_calculator(),
/home/luis-menezes/miniconda3/envs/env_3.12/lib/python3.12/site-packages/dscribe/core/system.py:96: FutureWarning: Please use atoms.calc
  calculator=atoms.get_calculator(),
/home/luis-menezes/miniconda3/envs/env_3.12/lib/python3.12/site-packages/dscribe/core/system.py:96: FutureWarning: Please use atoms.calc
  calculator=atoms.get_calculator(),
/home/luis-menezes/miniconda3/envs/env_3.12/lib/python3.12/site-packages/dscribe/core/system.py:96: FutureWarning: Please use atoms.calc
  calculator=atoms.get_calculator(),
grid_sigma=0.0050 resolution=128 weight_rcut=5.0000 | RMSE=0.8649 MAE=0.5564 R2=0.5731
/home/luis-menezes/miniconda3/envs/env_3.12/lib/python3.12/site-packages/dscribe/core/system.py:96: FutureWarning: Please use atoms.calc
  calculator=atoms.get_calculator(),
/home/luis-menezes/miniconda3/envs/env_3.12/lib/python3.12/site-packages/dscribe/core/system.py:96: FutureWarning: Please use atoms.calc
  calculator=atoms.get_calculator(),
/home/luis-menezes/miniconda3/envs/env_3.12/lib/python3.12/site-packages/dscribe/core/system.py:96: FutureWarning: Please use atoms.calc
  calculator=atoms.get_calculator(),
/home/luis-menezes/miniconda3/envs/env_3.12/lib/python3.12/site-packages/dscribe/core/system.py:96: FutureWarning: Please use atoms.calc
  calculator=atoms.get_calculator(),
/home/luis-menezes/miniconda3/envs/env_3.12/lib/python3.12/site-packages/dscribe/core/system.py:96: FutureWarning: Please use atoms.calc
  calculator=atoms.get_calculator(),
/home/luis-menezes/miniconda3/envs/env_3.12/lib/python3.12/site-packages/dscribe/core/system.py:96: FutureWarning: Please use atoms.calc
  calculator=atoms.get_calculator(),
/home/luis-menezes/miniconda3/envs/env_3.12/lib/python3.12/site-packages/dscribe/core/system.py:96: FutureWarning: Please use atoms.calc
  calculator=atoms.get_calculator(),
/home/luis-menezes/miniconda3/envs/env_3.12/lib/python3.12/site-packages/dscribe/core/system.py:96: FutureWarning: Please use atoms.calc
  calculator=atoms.get_calculator(),
/home/luis-menezes/miniconda3/envs/env_3.12/lib/python3.12/site-packages/dscribe/core/system.py:96: FutureWarning: Please use atoms.calc
  calculator=atoms.get_calculator(),
/home/luis-menezes/miniconda3/envs/env_3.12/lib/python3.12/site-packages/dscribe/core/system.py:96: FutureWarning: Please use atoms.calc
  calculator=atoms.get_calculator(),
/home/luis-menezes/miniconda3/envs/env_3.12/lib/python3.12/site-packages/dscribe/core/system.py:96: FutureWarning: Please use atoms.calc
  calculator=atoms.get_calculator(),
/home/luis-menezes/miniconda3/envs/env_3.12/lib/python3.12/site-packages/dscribe/core/system.py:96: FutureWarning: Please use atoms.calc
  calculator=atoms.get_calculator(),
/home/luis-menezes/miniconda3/envs/env_3.12/lib/python3.12/site-packages/dscribe/core/system.py:96: FutureWarning: Please use atoms.calc
  calculator=atoms.get_calculator(),
/home/luis-menezes/miniconda3/envs/env_3.12/lib/python3.12/site-packages/dscribe/core/system.py:96: FutureWarning: Please use atoms.calc
  calculator=atoms.get_calculator(),
/home/luis-menezes/miniconda3/envs/env_3.12/lib/python3.12/site-packages/dscribe/core/system.py:96: FutureWarning: Please use atoms.calc
  calculator=atoms.get_calculator(),
/home/luis-menezes/miniconda3/envs/env_3.12/lib/python3.12/site-packages/dscribe/core/system.py:96: FutureWarning: Please use atoms.calc
  calculator=atoms.get_calculator(),
grid_sigma=0.0100 resolution=128 weight_rcut=5.0000 | RMSE=0.8484 MAE=0.5424 R2=0.5893
/home/luis-menezes/miniconda3/envs/env_3.12/lib/python3.12/site-packages/dscribe/core/system.py:96: FutureWarning: Please use atoms.calc
  calculator=atoms.get_calculator(),
/home/luis-menezes/miniconda3/envs/env_3.12/lib/python3.12/site-packages/dscribe/core/system.py:96: FutureWarning: Please use atoms.calc
  calculator=atoms.get_calculator(),
/home/luis-menezes/miniconda3/envs/env_3.12/lib/python3.12/site-packages/dscribe/core/system.py:96: FutureWarning: Please use atoms.calc
  calculator=atoms.get_calculator(),
/home/luis-menezes/miniconda3/envs/env_3.12/lib/python3.12/site-packages/dscribe/core/system.py:96: FutureWarning: Please use atoms.calc
  calculator=atoms.get_calculator(),
/home/luis-menezes/miniconda3/envs/env_3.12/lib/python3.12/site-packages/dscribe/core/system.py:96: FutureWarning: Please use atoms.calc
  calculator=atoms.get_calculator(),
/home/luis-menezes/miniconda3/envs/env_3.12/lib/python3.12/site-packages/dscribe/core/system.py:96: FutureWarning: Please use atoms.calc
  calculator=atoms.get_calculator(),
/home/luis-menezes/miniconda3/envs/env_3.12/lib/python3.12/site-packages/dscribe/core/system.py:96: FutureWarning: Please use atoms.calc
  calculator=atoms.get_calculator(),
/home/luis-menezes/miniconda3/envs/env_3.12/lib/python3.12/site-packages/dscribe/core/system.py:96: FutureWarning: Please use atoms.calc
  calculator=atoms.get_calculator(),
/home/luis-menezes/miniconda3/envs/env_3.12/lib/python3.12/site-packages/dscribe/core/system.py:96: FutureWarning: Please use atoms.calc
  calculator=atoms.get_calculator(),
/home/luis-menezes/miniconda3/envs/env_3.12/lib/python3.12/site-packages/dscribe/core/system.py:96: FutureWarning: Please use atoms.calc
  calculator=atoms.get_calculator(),
/home/luis-menezes/miniconda3/envs/env_3.12/lib/python3.12/site-packages/dscribe/core/system.py:96: FutureWarning: Please use atoms.calc
  calculator=atoms.get_calculator(),
/home/luis-menezes/miniconda3/envs/env_3.12/lib/python3.12/site-packages/dscribe/core/system.py:96: FutureWarning: Please use atoms.calc
  calculator=atoms.get_calculator(),
/home/luis-menezes/miniconda3/envs/env_3.12/lib/python3.12/site-packages/dscribe/core/system.py:96: FutureWarning: Please use atoms.calc
  calculator=atoms.get_calculator(),
/home/luis-menezes/miniconda3/envs/env_3.12/lib/python3.12/site-packages/dscribe/core/system.py:96: FutureWarning: Please use atoms.calc
  calculator=atoms.get_calculator(),
/home/luis-menezes/miniconda3/envs/env_3.12/lib/python3.12/site-packages/dscribe/core/system.py:96: FutureWarning: Please use atoms.calc
  calculator=atoms.get_calculator(),
/home/luis-menezes/miniconda3/envs/env_3.12/lib/python3.12/site-packages/dscribe/core/system.py:96: FutureWarning: Please use atoms.calc
  calculator=atoms.get_calculator(),
grid_sigma=0.0500 resolution=128 weight_rcut=5.0000 | RMSE=0.8357 MAE=0.5150 R2=0.6015
/home/luis-menezes/miniconda3/envs/env_3.12/lib/python3.12/site-packages/dscribe/core/system.py:96: FutureWarning: Please use atoms.calc
  calculator=atoms.get_calculator(),
/home/luis-menezes/miniconda3/envs/env_3.12/lib/python3.12/site-packages/dscribe/core/system.py:96: FutureWarning: Please use atoms.calc
  calculator=atoms.get_calculator(),
/home/luis-menezes/miniconda3/envs/env_3.12/lib/python3.12/site-packages/dscribe/core/system.py:96: FutureWarning: Please use atoms.calc
  calculator=atoms.get_calculator(),
/home/luis-menezes/miniconda3/envs/env_3.12/lib/python3.12/site-packages/dscribe/core/system.py:96: FutureWarning: Please use atoms.calc
  calculator=atoms.get_calculator(),
/home/luis-menezes/miniconda3/envs/env_3.12/lib/python3.12/site-packages/dscribe/core/system.py:96: FutureWarning: Please use atoms.calc
  calculator=atoms.get_calculator(),
/home/luis-menezes/miniconda3/envs/env_3.12/lib/python3.12/site-packages/dscribe/core/system.py:96: FutureWarning: Please use atoms.calc
  calculator=atoms.get_calculator(),
/home/luis-menezes/miniconda3/envs/env_3.12/lib/python3.12/site-packages/dscribe/core/system.py:96: FutureWarning: Please use atoms.calc
  calculator=atoms.get_calculator(),
/home/luis-menezes/miniconda3/envs/env_3.12/lib/python3.12/site-packages/dscribe/core/system.py:96: FutureWarning: Please use atoms.calc
  calculator=atoms.get_calculator(),
/home/luis-menezes/miniconda3/envs/env_3.12/lib/python3.12/site-packages/dscribe/core/system.py:96: FutureWarning: Please use atoms.calc
  calculator=atoms.get_calculator(),
/home/luis-menezes/miniconda3/envs/env_3.12/lib/python3.12/site-packages/dscribe/core/system.py:96: FutureWarning: Please use atoms.calc
  calculator=atoms.get_calculator(),
/home/luis-menezes/miniconda3/envs/env_3.12/lib/python3.12/site-packages/dscribe/core/system.py:96: FutureWarning: Please use atoms.calc
  calculator=atoms.get_calculator(),
/home/luis-menezes/miniconda3/envs/env_3.12/lib/python3.12/site-packages/dscribe/core/system.py:96: FutureWarning: Please use atoms.calc
  calculator=atoms.get_calculator(),
/home/luis-menezes/miniconda3/envs/env_3.12/lib/python3.12/site-packages/dscribe/core/system.py:96: FutureWarning: Please use atoms.calc
  calculator=atoms.get_calculator(),
/home/luis-menezes/miniconda3/envs/env_3.12/lib/python3.12/site-packages/dscribe/core/system.py:96: FutureWarning: Please use atoms.calc
  calculator=atoms.get_calculator(),
/home/luis-menezes/miniconda3/envs/env_3.12/lib/python3.12/site-packages/dscribe/core/system.py:96: FutureWarning: Please use atoms.calc
  calculator=atoms.get_calculator(),
/home/luis-menezes/miniconda3/envs/env_3.12/lib/python3.12/site-packages/dscribe/core/system.py:96: FutureWarning: Please use atoms.calc
  calculator=atoms.get_calculator(),
grid_sigma=0.5000 resolution=128 weight_rcut=5.0000 | RMSE=0.8091 MAE=0.5249 R2=0.6265

Saved results to: /home/luis-menezes/Documents/MSc/mbtr_studies/mbtr_xgb_results.csv

Top configs by RMSE:
grid_sigma=0.5000 resolution=128 weight_rcut=5.0000 | RMSE=0.8091 MAE=0.5249 R2=0.6265
grid_sigma=0.0500 resolution=128 weight_rcut=5.0000 | RMSE=0.8357 MAE=0.5150 R2=0.6015
grid_sigma=0.0100 resolution=128 weight_rcut=5.0000 | RMSE=0.8484 MAE=0.5424 R2=0.5893
grid_sigma=0.0050 resolution=128 weight_rcut=5.0000 | RMSE=0.8649 MAE=0.5564 R2=0.5731
grid_sigma=0.0010 resolution=128 weight_rcut=5.0000 | RMSE=0.9359 MAE=0.6073 R2=0.5002
