Loaded 8699 structures (max atoms per structure: 51)
Train/test split: 6959/1740
Species count: 63
/home/luis-menezes/miniconda3/envs/env_3.12/lib/python3.12/site-packages/dscribe/core/system.py:96: FutureWarning: Please use atoms.calc
  calculator=atoms.get_calculator(),
/home/luis-menezes/miniconda3/envs/env_3.12/lib/python3.12/site-packages/dscribe/core/system.py:96: FutureWarning: Please use atoms.calc
  calculator=atoms.get_calculator(),
/home/luis-menezes/miniconda3/envs/env_3.12/lib/python3.12/site-packages/dscribe/core/system.py:96: FutureWarning: Please use atoms.calc
  calculator=atoms.get_calculator(),
/home/luis-menezes/miniconda3/envs/env_3.12/lib/python3.12/site-packages/dscribe/core/system.py:96: FutureWarning: Please use atoms.calc
  calculator=atoms.get_calculator(),
/home/luis-menezes/miniconda3/envs/env_3.12/lib/python3.12/site-packages/dscribe/core/system.py:96: FutureWarning: Please use atoms.calc
  calculator=atoms.get_calculator(),
/home/luis-menezes/miniconda3/envs/env_3.12/lib/python3.12/site-packages/dscribe/core/system.py:96: FutureWarning: Please use atoms.calc
  calculator=atoms.get_calculator(),
/home/luis-menezes/miniconda3/envs/env_3.12/lib/python3.12/site-packages/dscribe/core/system.py:96: FutureWarning: Please use atoms.calc
  calculator=atoms.get_calculator(),
/home/luis-menezes/miniconda3/envs/env_3.12/lib/python3.12/site-packages/dscribe/core/system.py:96: FutureWarning: Please use atoms.calc
  calculator=atoms.get_calculator(),
/home/luis-menezes/miniconda3/envs/env_3.12/lib/python3.12/site-packages/dscribe/core/system.py:96: FutureWarning: Please use atoms.calc
  calculator=atoms.get_calculator(),
/home/luis-menezes/miniconda3/envs/env_3.12/lib/python3.12/site-packages/dscribe/core/system.py:96: FutureWarning: Please use atoms.calc
  calculator=atoms.get_calculator(),
/home/luis-menezes/miniconda3/envs/env_3.12/lib/python3.12/site-packages/dscribe/core/system.py:96: FutureWarning: Please use atoms.calc
  calculator=atoms.get_calculator(),
/home/luis-menezes/miniconda3/envs/env_3.12/lib/python3.12/site-packages/dscribe/core/system.py:96: FutureWarning: Please use atoms.calc
  calculator=atoms.get_calculator(),
/home/luis-menezes/miniconda3/envs/env_3.12/lib/python3.12/site-packages/dscribe/core/system.py:96: FutureWarning: Please use atoms.calc
  calculator=atoms.get_calculator(),
/home/luis-menezes/miniconda3/envs/env_3.12/lib/python3.12/site-packages/dscribe/core/system.py:96: FutureWarning: Please use atoms.calc
  calculator=atoms.get_calculator(),
/home/luis-menezes/miniconda3/envs/env_3.12/lib/python3.12/site-packages/dscribe/core/system.py:96: FutureWarning: Please use atoms.calc
  calculator=atoms.get_calculator(),
/home/luis-menezes/miniconda3/envs/env_3.12/lib/python3.12/site-packages/dscribe/core/system.py:96: FutureWarning: Please use atoms.calc
  calculator=atoms.get_calculator(),
grid_sigma=0.0500 resolution=10.0 weight_rcut=5.0000 | RMSE=0.8136 MAE=0.5088 R2=0.6223
grid_sigma=0.0500 resolution=128.0 weight_rcut=5.0000 | RMSE=0.8357 MAE=0.5150 R2=0.6015
/home/luis-menezes/miniconda3/envs/env_3.12/lib/python3.12/site-packages/dscribe/core/system.py:96: FutureWarning: Please use atoms.calc
  calculator=atoms.get_calculator(),
/home/luis-menezes/miniconda3/envs/env_3.12/lib/python3.12/site-packages/dscribe/core/system.py:96: FutureWarning: Please use atoms.calc
  calculator=atoms.get_calculator(),
/home/luis-menezes/miniconda3/envs/env_3.12/lib/python3.12/site-packages/dscribe/core/system.py:96: FutureWarning: Please use atoms.calc
  calculator=atoms.get_calculator(),
/home/luis-menezes/miniconda3/envs/env_3.12/lib/python3.12/site-packages/dscribe/core/system.py:96: FutureWarning: Please use atoms.calc
  calculator=atoms.get_calculator(),
/home/luis-menezes/miniconda3/envs/env_3.12/lib/python3.12/site-packages/dscribe/core/system.py:96: FutureWarning: Please use atoms.calc
  calculator=atoms.get_calculator(),
/home/luis-menezes/miniconda3/envs/env_3.12/lib/python3.12/site-packages/dscribe/core/system.py:96: FutureWarning: Please use atoms.calc
  calculator=atoms.get_calculator(),
/home/luis-menezes/miniconda3/envs/env_3.12/lib/python3.12/site-packages/dscribe/core/system.py:96: FutureWarning: Please use atoms.calc
  calculator=atoms.get_calculator(),
/home/luis-menezes/miniconda3/envs/env_3.12/lib/python3.12/site-packages/dscribe/core/system.py:96: FutureWarning: Please use atoms.calc
  calculator=atoms.get_calculator(),
/home/luis-menezes/miniconda3/envs/env_3.12/lib/python3.12/site-packages/dscribe/core/system.py:96: FutureWarning: Please use atoms.calc
  calculator=atoms.get_calculator(),
/home/luis-menezes/miniconda3/envs/env_3.12/lib/python3.12/site-packages/dscribe/core/system.py:96: FutureWarning: Please use atoms.calc
  calculator=atoms.get_calculator(),
/home/luis-menezes/miniconda3/envs/env_3.12/lib/python3.12/site-packages/dscribe/core/system.py:96: FutureWarning: Please use atoms.calc
  calculator=atoms.get_calculator(),
/home/luis-menezes/miniconda3/envs/env_3.12/lib/python3.12/site-packages/dscribe/core/system.py:96: FutureWarning: Please use atoms.calc
  calculator=atoms.get_calculator(),
/home/luis-menezes/miniconda3/envs/env_3.12/lib/python3.12/site-packages/dscribe/core/system.py:96: FutureWarning: Please use atoms.calc
  calculator=atoms.get_calculator(),
/home/luis-menezes/miniconda3/envs/env_3.12/lib/python3.12/site-packages/dscribe/core/system.py:96: FutureWarning: Please use atoms.calc
  calculator=atoms.get_calculator(),
/home/luis-menezes/miniconda3/envs/env_3.12/lib/python3.12/site-packages/dscribe/core/system.py:96: FutureWarning: Please use atoms.calc
  calculator=atoms.get_calculator(),
/home/luis-menezes/miniconda3/envs/env_3.12/lib/python3.12/site-packages/dscribe/core/system.py:96: FutureWarning: Please use atoms.calc
  calculator=atoms.get_calculator(),
grid_sigma=0.0500 resolution=256.0 weight_rcut=5.0000 | RMSE=0.8251 MAE=0.5134 R2=0.6115
/home/luis-menezes/miniconda3/envs/env_3.12/lib/python3.12/site-packages/dscribe/core/system.py:96: FutureWarning: Please use atoms.calc
  calculator=atoms.get_calculator(),
/home/luis-menezes/miniconda3/envs/env_3.12/lib/python3.12/site-packages/dscribe/core/system.py:96: FutureWarning: Please use atoms.calc
  calculator=atoms.get_calculator(),
/home/luis-menezes/miniconda3/envs/env_3.12/lib/python3.12/site-packages/dscribe/core/system.py:96: FutureWarning: Please use atoms.calc
  calculator=atoms.get_calculator(),
/home/luis-menezes/miniconda3/envs/env_3.12/lib/python3.12/site-packages/dscribe/core/system.py:96: FutureWarning: Please use atoms.calc
  calculator=atoms.get_calculator(),
/home/luis-menezes/miniconda3/envs/env_3.12/lib/python3.12/site-packages/dscribe/core/system.py:96: FutureWarning: Please use atoms.calc
  calculator=atoms.get_calculator(),
/home/luis-menezes/miniconda3/envs/env_3.12/lib/python3.12/site-packages/dscribe/core/system.py:96: FutureWarning: Please use atoms.calc
  calculator=atoms.get_calculator(),
/home/luis-menezes/miniconda3/envs/env_3.12/lib/python3.12/site-packages/dscribe/core/system.py:96: FutureWarning: Please use atoms.calc
  calculator=atoms.get_calculator(),
/home/luis-menezes/miniconda3/envs/env_3.12/lib/python3.12/site-packages/dscribe/core/system.py:96: FutureWarning: Please use atoms.calc
  calculator=atoms.get_calculator(),
/home/luis-menezes/miniconda3/envs/env_3.12/lib/python3.12/site-packages/dscribe/core/system.py:96: FutureWarning: Please use atoms.calc
  calculator=atoms.get_calculator(),
/home/luis-menezes/miniconda3/envs/env_3.12/lib/python3.12/site-packages/dscribe/core/system.py:96: FutureWarning: Please use atoms.calc
  calculator=atoms.get_calculator(),
/home/luis-menezes/miniconda3/envs/env_3.12/lib/python3.12/site-packages/dscribe/core/system.py:96: FutureWarning: Please use atoms.calc
  calculator=atoms.get_calculator(),
/home/luis-menezes/miniconda3/envs/env_3.12/lib/python3.12/site-packages/dscribe/core/system.py:96: FutureWarning: Please use atoms.calc
  calculator=atoms.get_calculator(),
/home/luis-menezes/miniconda3/envs/env_3.12/lib/python3.12/site-packages/dscribe/core/system.py:96: FutureWarning: Please use atoms.calc
  calculator=atoms.get_calculator(),
/home/luis-menezes/miniconda3/envs/env_3.12/lib/python3.12/site-packages/dscribe/core/system.py:96: FutureWarning: Please use atoms.calc
  calculator=atoms.get_calculator(),
/home/luis-menezes/miniconda3/envs/env_3.12/lib/python3.12/site-packages/dscribe/core/system.py:96: FutureWarning: Please use atoms.calc
  calculator=atoms.get_calculator(),
/home/luis-menezes/miniconda3/envs/env_3.12/lib/python3.12/site-packages/dscribe/core/system.py:96: FutureWarning: Please use atoms.calc
  calculator=atoms.get_calculator(),
/home/luis-menezes/miniconda3/envs/env_3.12/lib/python3.12/site-packages/joblib/externals/loky/backend/resource_tracker.py:359: UserWarning: resource_tracker: There appear to be 22 leaked semlock objects to clean up at shutdown
  warnings.warn(
/home/luis-menezes/miniconda3/envs/env_3.12/lib/python3.12/site-packages/joblib/externals/loky/backend/resource_tracker.py:359: UserWarning: resource_tracker: There appear to be 136 leaked folder objects to clean up at shutdown
  warnings.warn(
