Loaded 8699 structures (max atoms per structure: 51)
Train/test split: 6959/1740
Species count: 63
/home/luis-menezes/miniconda3/envs/env_3.12/lib/python3.12/site-packages/dscribe/core/system.py:96: FutureWarning: Please use atoms.calc
  calculator=atoms.get_calculator(),
/home/luis-menezes/miniconda3/envs/env_3.12/lib/python3.12/site-packages/dscribe/core/system.py:96: FutureWarning: Please use atoms.calc
  calculator=atoms.get_calculator(),
/home/luis-menezes/miniconda3/envs/env_3.12/lib/python3.12/site-packages/dscribe/core/system.py:96: FutureWarning: Please use atoms.calc
  calculator=atoms.get_calculator(),
/home/luis-menezes/miniconda3/envs/env_3.12/lib/python3.12/site-packages/dscribe/core/system.py:96: FutureWarning: Please use atoms.calc
  calculator=atoms.get_calculator(),
/home/luis-menezes/miniconda3/envs/env_3.12/lib/python3.12/site-packages/dscribe/core/system.py:96: FutureWarning: Please use atoms.calc
  calculator=atoms.get_calculator(),
/home/luis-menezes/miniconda3/envs/env_3.12/lib/python3.12/site-packages/dscribe/core/system.py:96: FutureWarning: Please use atoms.calc
  calculator=atoms.get_calculator(),
/home/luis-menezes/miniconda3/envs/env_3.12/lib/python3.12/site-packages/dscribe/core/system.py:96: FutureWarning: Please use atoms.calc
  calculator=atoms.get_calculator(),
/home/luis-menezes/miniconda3/envs/env_3.12/lib/python3.12/site-packages/dscribe/core/system.py:96: FutureWarning: Please use atoms.calc
  calculator=atoms.get_calculator(),
/home/luis-menezes/miniconda3/envs/env_3.12/lib/python3.12/site-packages/dscribe/core/system.py:96: FutureWarning: Please use atoms.calc
  calculator=atoms.get_calculator(),
/home/luis-menezes/miniconda3/envs/env_3.12/lib/python3.12/site-packages/dscribe/core/system.py:96: FutureWarning: Please use atoms.calc
  calculator=atoms.get_calculator(),
/home/luis-menezes/miniconda3/envs/env_3.12/lib/python3.12/site-packages/dscribe/core/system.py:96: FutureWarning: Please use atoms.calc
  calculator=atoms.get_calculator(),
/home/luis-menezes/miniconda3/envs/env_3.12/lib/python3.12/site-packages/dscribe/core/system.py:96: FutureWarning: Please use atoms.calc
  calculator=atoms.get_calculator(),
/home/luis-menezes/miniconda3/envs/env_3.12/lib/python3.12/site-packages/dscribe/core/system.py:96: FutureWarning: Please use atoms.calc
  calculator=atoms.get_calculator(),
/home/luis-menezes/miniconda3/envs/env_3.12/lib/python3.12/site-packages/dscribe/core/system.py:96: FutureWarning: Please use atoms.calc
  calculator=atoms.get_calculator(),
/home/luis-menezes/miniconda3/envs/env_3.12/lib/python3.12/site-packages/dscribe/core/system.py:96: FutureWarning: Please use atoms.calc
  calculator=atoms.get_calculator(),
/home/luis-menezes/miniconda3/envs/env_3.12/lib/python3.12/site-packages/dscribe/core/system.py:96: FutureWarning: Please use atoms.calc
  calculator=atoms.get_calculator(),
grid_sigma=0.0500 resolution=128 weight_rcut=2.0000 | RMSE=1.1119 MAE=0.7810 R2=0.2945
/home/luis-menezes/miniconda3/envs/env_3.12/lib/python3.12/site-packages/dscribe/core/system.py:96: FutureWarning: Please use atoms.calc
  calculator=atoms.get_calculator(),
/home/luis-menezes/miniconda3/envs/env_3.12/lib/python3.12/site-packages/dscribe/core/system.py:96: FutureWarning: Please use atoms.calc
  calculator=atoms.get_calculator(),
/home/luis-menezes/miniconda3/envs/env_3.12/lib/python3.12/site-packages/dscribe/core/system.py:96: FutureWarning: Please use atoms.calc
  calculator=atoms.get_calculator(),
/home/luis-menezes/miniconda3/envs/env_3.12/lib/python3.12/site-packages/dscribe/core/system.py:96: FutureWarning: Please use atoms.calc
  calculator=atoms.get_calculator(),
/home/luis-menezes/miniconda3/envs/env_3.12/lib/python3.12/site-packages/dscribe/core/system.py:96: FutureWarning: Please use atoms.calc
  calculator=atoms.get_calculator(),
/home/luis-menezes/miniconda3/envs/env_3.12/lib/python3.12/site-packages/dscribe/core/system.py:96: FutureWarning: Please use atoms.calc
  calculator=atoms.get_calculator(),
/home/luis-menezes/miniconda3/envs/env_3.12/lib/python3.12/site-packages/dscribe/core/system.py:96: FutureWarning: Please use atoms.calc
  calculator=atoms.get_calculator(),
/home/luis-menezes/miniconda3/envs/env_3.12/lib/python3.12/site-packages/dscribe/core/system.py:96: FutureWarning: Please use atoms.calc
  calculator=atoms.get_calculator(),
/home/luis-menezes/miniconda3/envs/env_3.12/lib/python3.12/site-packages/dscribe/core/system.py:96: FutureWarning: Please use atoms.calc
  calculator=atoms.get_calculator(),
/home/luis-menezes/miniconda3/envs/env_3.12/lib/python3.12/site-packages/dscribe/core/system.py:96: FutureWarning: Please use atoms.calc
  calculator=atoms.get_calculator(),
/home/luis-menezes/miniconda3/envs/env_3.12/lib/python3.12/site-packages/dscribe/core/system.py:96: FutureWarning: Please use atoms.calc
  calculator=atoms.get_calculator(),
/home/luis-menezes/miniconda3/envs/env_3.12/lib/python3.12/site-packages/dscribe/core/system.py:96: FutureWarning: Please use atoms.calc
  calculator=atoms.get_calculator(),
/home/luis-menezes/miniconda3/envs/env_3.12/lib/python3.12/site-packages/dscribe/core/system.py:96: FutureWarning: Please use atoms.calc
  calculator=atoms.get_calculator(),
/home/luis-menezes/miniconda3/envs/env_3.12/lib/python3.12/site-packages/dscribe/core/system.py:96: FutureWarning: Please use atoms.calc
  calculator=atoms.get_calculator(),
/home/luis-menezes/miniconda3/envs/env_3.12/lib/python3.12/site-packages/dscribe/core/system.py:96: FutureWarning: Please use atoms.calc
  calculator=atoms.get_calculator(),
/home/luis-menezes/miniconda3/envs/env_3.12/lib/python3.12/site-packages/dscribe/core/system.py:96: FutureWarning: Please use atoms.calc
  calculator=atoms.get_calculator(),
grid_sigma=0.0500 resolution=128 weight_rcut=4.0000 | RMSE=0.8523 MAE=0.5447 R2=0.5855
/home/luis-menezes/miniconda3/envs/env_3.12/lib/python3.12/site-packages/dscribe/core/system.py:96: FutureWarning: Please use atoms.calc
  calculator=atoms.get_calculator(),
/home/luis-menezes/miniconda3/envs/env_3.12/lib/python3.12/site-packages/dscribe/core/system.py:96: FutureWarning: Please use atoms.calc
  calculator=atoms.get_calculator(),
/home/luis-menezes/miniconda3/envs/env_3.12/lib/python3.12/site-packages/dscribe/core/system.py:96: FutureWarning: Please use atoms.calc
  calculator=atoms.get_calculator(),
/home/luis-menezes/miniconda3/envs/env_3.12/lib/python3.12/site-packages/dscribe/core/system.py:96: FutureWarning: Please use atoms.calc
  calculator=atoms.get_calculator(),
/home/luis-menezes/miniconda3/envs/env_3.12/lib/python3.12/site-packages/dscribe/core/system.py:96: FutureWarning: Please use atoms.calc
  calculator=atoms.get_calculator(),
/home/luis-menezes/miniconda3/envs/env_3.12/lib/python3.12/site-packages/dscribe/core/system.py:96: FutureWarning: Please use atoms.calc
  calculator=atoms.get_calculator(),
/home/luis-menezes/miniconda3/envs/env_3.12/lib/python3.12/site-packages/dscribe/core/system.py:96: FutureWarning: Please use atoms.calc
  calculator=atoms.get_calculator(),
/home/luis-menezes/miniconda3/envs/env_3.12/lib/python3.12/site-packages/dscribe/core/system.py:96: FutureWarning: Please use atoms.calc
  calculator=atoms.get_calculator(),
/home/luis-menezes/miniconda3/envs/env_3.12/lib/python3.12/site-packages/dscribe/core/system.py:96: FutureWarning: Please use atoms.calc
  calculator=atoms.get_calculator(),
/home/luis-menezes/miniconda3/envs/env_3.12/lib/python3.12/site-packages/dscribe/core/system.py:96: FutureWarning: Please use atoms.calc
  calculator=atoms.get_calculator(),
/home/luis-menezes/miniconda3/envs/env_3.12/lib/python3.12/site-packages/dscribe/core/system.py:96: FutureWarning: Please use atoms.calc
  calculator=atoms.get_calculator(),
/home/luis-menezes/miniconda3/envs/env_3.12/lib/python3.12/site-packages/dscribe/core/system.py:96: FutureWarning: Please use atoms.calc
  calculator=atoms.get_calculator(),
/home/luis-menezes/miniconda3/envs/env_3.12/lib/python3.12/site-packages/dscribe/core/system.py:96: FutureWarning: Please use atoms.calc
  calculator=atoms.get_calculator(),
/home/luis-menezes/miniconda3/envs/env_3.12/lib/python3.12/site-packages/dscribe/core/system.py:96: FutureWarning: Please use atoms.calc
  calculator=atoms.get_calculator(),
/home/luis-menezes/miniconda3/envs/env_3.12/lib/python3.12/site-packages/dscribe/core/system.py:96: FutureWarning: Please use atoms.calc
  calculator=atoms.get_calculator(),
/home/luis-menezes/miniconda3/envs/env_3.12/lib/python3.12/site-packages/dscribe/core/system.py:96: FutureWarning: Please use atoms.calc
  calculator=atoms.get_calculator(),
grid_sigma=0.0500 resolution=128 weight_rcut=5.0000 | RMSE=0.8357 MAE=0.5150 R2=0.6015
/home/luis-menezes/miniconda3/envs/env_3.12/lib/python3.12/site-packages/dscribe/core/system.py:96: FutureWarning: Please use atoms.calc
  calculator=atoms.get_calculator(),
/home/luis-menezes/miniconda3/envs/env_3.12/lib/python3.12/site-packages/dscribe/core/system.py:96: FutureWarning: Please use atoms.calc
  calculator=atoms.get_calculator(),
/home/luis-menezes/miniconda3/envs/env_3.12/lib/python3.12/site-packages/dscribe/core/system.py:96: FutureWarning: Please use atoms.calc
  calculator=atoms.get_calculator(),
/home/luis-menezes/miniconda3/envs/env_3.12/lib/python3.12/site-packages/dscribe/core/system.py:96: FutureWarning: Please use atoms.calc
  calculator=atoms.get_calculator(),
/home/luis-menezes/miniconda3/envs/env_3.12/lib/python3.12/site-packages/dscribe/core/system.py:96: FutureWarning: Please use atoms.calc
  calculator=atoms.get_calculator(),
/home/luis-menezes/miniconda3/envs/env_3.12/lib/python3.12/site-packages/dscribe/core/system.py:96: FutureWarning: Please use atoms.calc
  calculator=atoms.get_calculator(),
/home/luis-menezes/miniconda3/envs/env_3.12/lib/python3.12/site-packages/dscribe/core/system.py:96: FutureWarning: Please use atoms.calc
  calculator=atoms.get_calculator(),
/home/luis-menezes/miniconda3/envs/env_3.12/lib/python3.12/site-packages/dscribe/core/system.py:96: FutureWarning: Please use atoms.calc
  calculator=atoms.get_calculator(),
/home/luis-menezes/miniconda3/envs/env_3.12/lib/python3.12/site-packages/dscribe/core/system.py:96: FutureWarning: Please use atoms.calc
  calculator=atoms.get_calculator(),
/home/luis-menezes/miniconda3/envs/env_3.12/lib/python3.12/site-packages/dscribe/core/system.py:96: FutureWarning: Please use atoms.calc
  calculator=atoms.get_calculator(),
/home/luis-menezes/miniconda3/envs/env_3.12/lib/python3.12/site-packages/dscribe/core/system.py:96: FutureWarning: Please use atoms.calc
  calculator=atoms.get_calculator(),
/home/luis-menezes/miniconda3/envs/env_3.12/lib/python3.12/site-packages/dscribe/core/system.py:96: FutureWarning: Please use atoms.calc
  calculator=atoms.get_calculator(),
/home/luis-menezes/miniconda3/envs/env_3.12/lib/python3.12/site-packages/dscribe/core/system.py:96: FutureWarning: Please use atoms.calc
  calculator=atoms.get_calculator(),
/home/luis-menezes/miniconda3/envs/env_3.12/lib/python3.12/site-packages/dscribe/core/system.py:96: FutureWarning: Please use atoms.calc
  calculator=atoms.get_calculator(),
/home/luis-menezes/miniconda3/envs/env_3.12/lib/python3.12/site-packages/dscribe/core/system.py:96: FutureWarning: Please use atoms.calc
  calculator=atoms.get_calculator(),
/home/luis-menezes/miniconda3/envs/env_3.12/lib/python3.12/site-packages/dscribe/core/system.py:96: FutureWarning: Please use atoms.calc
  calculator=atoms.get_calculator(),
grid_sigma=0.0500 resolution=128 weight_rcut=8.0000 | RMSE=0.8029 MAE=0.4934 R2=0.6322

Saved results to: /home/luis-menezes/Documents/MSc/mbtr_studies/mbtr_xgb_results.csv

Top configs by RMSE:
grid_sigma=0.0500 resolution=128 weight_rcut=8.0000 | RMSE=0.8029 MAE=0.4934 R2=0.6322
grid_sigma=0.0500 resolution=128 weight_rcut=5.0000 | RMSE=0.8357 MAE=0.5150 R2=0.6015
grid_sigma=0.0500 resolution=128 weight_rcut=4.0000 | RMSE=0.8523 MAE=0.5447 R2=0.5855
grid_sigma=0.0500 resolution=128 weight_rcut=2.0000 | RMSE=1.1119 MAE=0.7810 R2=0.2945
